
--- analysis ---
{
  "fit": "no",
  "summary": "Завдання потребує високорівневого знань та опиту з Google Ads, що не підходить для junior-рівня. Може бути складно розуміти та виконати всі обов'язки.",
  "difficulty": 8,
  "risk": 9,
  "success_chance": 30,
  "competition": "medium",
  "budget_ok": "yes",
  "should_apply": false,
  "reason": "Завдання потребує високорівневого знання з Google Ads, що не підходить для junior-рівня. Загальний бюджет достатній.",
  "questions": ["Ви можете розуміти основи Google Ads? ", "Можете виконати базові операції з Google Ads без допомоги?", "Зможете створити ефективну кампанію на Prom.ua?"]
}

--- analysis ---
{
  "fit": "partial",
  "summary": "Документування і перенос веб-сторінок на інші платформи (Upwork, Fiverr) з урахуванням контенту Behance.",
  "difficulty": 3,
  "risk": 4,
  "success_chance": 60,
  "competition": "medium",
  "budget_ok": "unknown",
  "should_apply": true,
  "reason": "Junior може розібратися в контент-менеджменті та переносі, але потребує допомоги з API та автоматизації.",
  "questions": [
    "Важливо лише перенести інформацію з Behance на інші платформи чи потрібно їх виконати додатково?",
    "Для яких конкретних цілей використовуються Upwork та Fiverr? Чи можна замінити ці платформи на інші безпекні ресурси?",
    "Які API доступні для використання для автоматизації процесу переносу контенту?"
  ]
}
